orders:
  - id: 1
    order_id: "sample"
    price: 10000
    recipient_name: "test name"
    remarks: "test product"
